###############################################################################
#
# IAR ELF Linker V8.20.2.14835/W32 for ARM                21/Dec/2019  11:39:22
# Copyright 2007-2017 IAR Systems AB.
#
#    Output file  =  
#        C:\Users\Студент-06\Documents\Lab5Empty\Debug\Exe\lab5.out
#    Map file     =  
#        C:\Users\Студент-06\Documents\Lab5Empty\Debug\List\lab5.map
#    Command line =  
#        -f C:\Users\-06~1\AppData\Local\Temp\EWDFFC.tmp
#        (C:\Users\Студент-06\Documents\Lab5Empty\Debug\Obj\main.o
#        C:\Users\Студент-06\Documents\Lab5Empty\Debug\Obj\startup.o -o
#        C:\Users\Студент-06\Documents\Lab5Empty\Debug\Exe\lab5.out
#        --map
#        C:\Users\Студент-06\Documents\Lab5Empty\Debug\List\lab5.map
#        --config "C:\Program Files (x86)\IAR Systems\Embedded Workbench
#        8.0_3\arm\config\linker\ST\stm32f411xE.icf" --semihosting --entry
#        __iar_program_start --vfe --text_out locale)
#
###############################################################################

*******************************************************************************
*** RUNTIME MODEL ATTRIBUTES
***

CppFlavor        = *
__CPP_Exceptions = Disabled
__CPP_Language   = C++14
__SystemLibrary  = DLib
__dlib_version   = 6


*******************************************************************************
*** HEAP SELECTION
***

The basic heap was selected because no calls to memory allocation
functions were found in the application outside of system library
functions, and there are calls to deallocation functions in the
application.


*******************************************************************************
*** PLACEMENT SUMMARY
***

"A0":  place at 0x08000000 { ro section .intvec };
"P1":  place in [from 0x08000000 to 0x0807ffff] { ro };
define block CSTACK with size = 8K, alignment = 8 { };
define block HEAP with size = 8K, alignment = 8 { };
"P2":  place in [from 0x20000000 to 0x2001ffff] {
          rw, block CSTACK, block HEAP };

No sections matched the following patterns:

  rw  in "P2"


  Section   Kind        Address    Size  Object
  -------   ----        -------    ----  ------
"A0":                              0xbc
  .intvec   const    0x08000000    0xbc  startup.o [1]
                   - 0x080000bc    0xbc

"P1":                             0x370
  .text     ro code  0x080000bc    0xa0  main.o [1]
  .text     ro code  0x0800015c    0x18  main.o [1]
  .text     ro code  0x08000174    0x10  main.o [1]
  .text     ro code  0x08000184    0x18  main.o [1]
  .text     ro code  0x0800019c    0x1c  main.o [1]
  .text     ro code  0x080001b8    0x18  main.o [1]
  .text     ro code  0x080001d0     0xc  main.o [1]
  .text     ro code  0x080001dc     0xc  main.o [1]
  .text     ro code  0x080001e8    0x16  main.o [1]
  .text     ro code  0x080001fe    0x16  main.o [1]
  .text     ro code  0x08000214    0x18  main.o [1]
  .text     ro code  0x0800022c    0x18  main.o [1]
  .text     ro code  0x08000244    0x18  main.o [1]
  .text     ro code  0x0800025c    0x18  main.o [1]
  .text     ro code  0x08000274    0x18  main.o [1]
  .text     ro code  0x0800028c    0x14  main.o [1]
  .text     ro code  0x080002a0    0x14  main.o [1]
  .text     ro code  0x080002b4    0x18  main.o [1]
  .text     ro code  0x080002cc    0x18  main.o [1]
  .text     ro code  0x080002e4    0x18  main.o [1]
  .text     ro code  0x080002fc    0x18  main.o [1]
  .text     ro code  0x08000314     0xc  main.o [1]
  .text     ro code  0x08000320    0x18  main.o [1]
  .text     ro code  0x08000338    0x18  main.o [1]
  .text     ro code  0x08000350     0xc  main.o [1]
  .text     ro code  0x0800035c    0x10  startup.o [1]
  .text     ro code  0x0800036c    0x14  startup.o [1]
  .text     ro code  0x08000380    0x22  fpinit_M.o [4]
  .text     ro code  0x080003a2     0x2  startup.o [1]
  .text     ro code  0x080003a4    0x1e  cmain.o [5]
  .text     ro code  0x080003c2     0x4  exit.o [3]
  .rodata   const    0x080003c6     0x1  unwind_debug.o [6]
  .text     ro code  0x080003c8     0xa  cexit.o [5]
  .text     ro code  0x080003d4    0x14  exit.o [6]
  .text     ro code  0x080003e8    0x18  startup.o [1]
  .text     ro code  0x08000400    0x10  startup.o [1]
  .text     ro code  0x08000410    0x10  startup.o [1]
  .rodata   const    0x08000420     0xc  main.o [1]
                   - 0x0800042c   0x370

"P2":                            0x2000
  CSTACK             0x20000000  0x2000  <Block>
    CSTACK  uninit   0x20000000  0x2000  <Block tail>
                   - 0x20002000  0x2000



*******************************************************************************
*** MODULE SUMMARY
***

    Module          ro code  ro data  rw data
    ------          -------  -------  -------
C:\Users\Студент-06\Documents\Lab5Empty\Debug\Obj: [1]
    main.o              672       12
    startup.o            94      188
    -----------------------------------------
    Total:              766      200

command line: [2]
    -----------------------------------------
    Total:

dl7M_tln.a: [3]
    exit.o                4
    -----------------------------------------
    Total:                4

m7M_tls.a: [4]
    fpinit_M.o           34
    -----------------------------------------
    Total:               34

rt7M_tl.a: [5]
    cexit.o              10
    cmain.o              30
    -----------------------------------------
    Total:               40

shb_l.a: [6]
    exit.o               20
    unwind_debug.o                 1
    -----------------------------------------
    Total:               20        1

    Gaps                  3
    Linker created                      8 192
---------------------------------------------
    Grand Total:        867      201    8 192


*******************************************************************************
*** ENTRY LIST
***

Entry                      Address  Size  Type      Object
-----                      -------  ----  ----      ------
?main                   0x080003a5        Code  Gb  cmain.o [5]
CSTACK$$Base            0x20000000         --   Gb  - Linker created -
CSTACK$$Limit           0x20002000         --   Gb  - Linker created -
InterruptHandler::DummyHandler()
                        0x080003a3   0x2  Code  Gb  startup.o [1]
InterruptHandler::Timer2Handler()
                        0x080003e9  0x18  Code  Gb  startup.o [1]
Region$$Table$$Base     0x00000000         --   Gb  - Linker created -
Region$$Table$$Limit    0x00000000         --   Gb  - Linker created -
__cmain                 0x080003a5        Code  Gb  cmain.o [5]
__exit                  0x080003d5  0x14  Code  Gb  exit.o [6]
__iar_debug_exceptions  0x080003c6   0x1  Data  Gb  unwind_debug.o [6]
__iar_init_vfp          0x08000381        Code  Gb  fpinit_M.o [4]
__iar_program_start     0x08000411  0x10  Code  Gb  startup.o [1]
__iar_systems$$module {Abs}
                        0x00000001        Data  Gb  command line/config [2]
__low_level_init        0x080000bd  0x76  Code  Gb  main.o [1]
__vector_table          0x08000000  0xbc  Data  Lc  startup.o [1]
_call_main              0x080003b1        Code  Gb  cmain.o [5]
_exit                   0x080003c9        Code  Gb  cexit.o [5]
_main                   0x080003bf        Code  Gb  cmain.o [5]
bool FieldValueBase<RCC_CFGR_SWS_Values<RCC::CFGR, (unsigned int)2, (unsigned int)2, ReadMode, RCC::RCCCFGRBase>, RCC::RCCCFGRBase, (unsigned int)1>::IsSet<ReadMode, void>()
                        0x0800019d  0x1c  Code  Gb  main.o [1]
bool FieldValueBase<RCC_CR_HSERDY_Values<RCC::CR, (unsigned int)17, (unsigned int)1, ReadMode, RCC::RCCCRBase>, RCC::RCCCRBase, (unsigned int)1>::IsSet<ReadMode, void>()
                        0x08000175  0x10  Code  Gb  main.o [1]
bool FieldValueBase<TIM2_SR_UIF_Values<TIM2::SR, (unsigned int)0, (unsigned int)1, ReadWriteMode, TIM2::TIM2SRBase>, TIM2::TIM2SRBase, (unsigned int)1>::IsSet<ReadWriteMode, void>()
                        0x0800035d  0x10  Code  Gb  startup.o [1]
exit                    0x080003c3   0x4  Code  Gb  exit.o [3]
main                    0x08000133  0x26  Code  Gb  main.o [1]
void FieldValueBase<GPIOA_AFRL_AFRL7_Values<GPIOA::AFRL, (unsigned int)12, (unsigned int)4, ReadWriteMode, GPIOA::GPIOAAFRLBase>, GPIOA::GPIOAAFRLBase, (unsigned int)7>::Set<ReadWriteMode, void>()
                        0x080002fd  0x18  Code  Gb  main.o [1]
void FieldValueBase<GPIOA_AFRL_AFRL7_Values<GPIOA::AFRL, (unsigned int)8, (unsigned int)4, ReadWriteMode, GPIOA::GPIOAAFRLBase>, GPIOA::GPIOAAFRLBase, (unsigned int)7>::Set<ReadWriteMode, void>()
                        0x080002e5  0x18  Code  Gb  main.o [1]
void FieldValueBase<GPIOA_MODER_MODER15_Values<GPIOA::MODER, (unsigned int)10, (unsigned int)2, ReadWriteMode, GPIOA::GPIOAMODERBase>, GPIOA::GPIOAMODERBase, (unsigned int)1>::Set<ReadWriteMode, void>()
                        0x0800022d  0x18  Code  Gb  main.o [1]
void FieldValueBase<GPIOA_MODER_MODER2_Values<GPIOA::MODER, (unsigned int)4, (unsigned int)2, ReadWriteMode, GPIOA::GPIOAMODERBase>, GPIOA::GPIOAMODERBase, (unsigned int)2>::Set<ReadWriteMode, void>()
                        0x0800025d  0x18  Code  Gb  main.o [1]
void FieldValueBase<GPIOA_MODER_MODER3_Values<GPIOA::MODER, (unsigned int)6, (unsigned int)2, ReadWriteMode, GPIOA::GPIOAMODERBase>, GPIOA::GPIOAMODERBase, (unsigned int)2>::Set<ReadWriteMode, void>()
                        0x08000275  0x18  Code  Gb  main.o [1]
void FieldValueBase<GPIOA_OTYPER_OT2_Values<GPIOA::OTYPER, (unsigned int)2, (unsigned int)1, ReadWriteMode, GPIOA::GPIOAOTYPERBase>, GPIOA::GPIOAOTYPERBase, (unsigned int)0>::Set<ReadWriteMode, void>()
                        0x0800028d  0x14  Code  Gb  main.o [1]
void FieldValueBase<GPIOA_OTYPER_OT3_Values<GPIOA::OTYPER, (unsigned int)3, (unsigned int)1, ReadWriteMode, GPIOA::GPIOAOTYPERBase>, GPIOA::GPIOAOTYPERBase, (unsigned int)0>::Set<ReadWriteMode, void>()
                        0x080002a1  0x14  Code  Gb  main.o [1]
void FieldValueBase<GPIOA_PUPDR_PUPDR15_Values<GPIOA::PUPDR, (unsigned int)4, (unsigned int)2, ReadWriteMode, GPIOA::GPIOAPUPDRBase>, GPIOA::GPIOAPUPDRBase, (unsigned int)1>::Set<ReadWriteMode, void>()
                        0x080002b5  0x18  Code  Gb  main.o [1]
void FieldValueBase<GPIOA_PUPDR_PUPDR15_Values<GPIOA::PUPDR, (unsigned int)6, (unsigned int)2, ReadWriteMode, GPIOA::GPIOAPUPDRBase>, GPIOA::GPIOAPUPDRBase, (unsigned int)1>::Set<ReadWriteMode, void>()
                        0x080002cd  0x18  Code  Gb  main.o [1]
void FieldValueBase<RCC_AHB1ENR_DMA2EN_Values<RCC::AHB1ENR, (unsigned int)0, (unsigned int)1, ReadWriteMode, RCC::RCCAHB1ENRBase>, RCC::RCCAHB1ENRBase, (unsigned int)1>::Set<ReadWriteMode, void>()
                        0x08000215  0x18  Code  Gb  main.o [1]
void FieldValueBase<RCC_AHB1ENR_DMA2EN_Values<RCC::APB1ENR, (unsigned int)0, (unsigned int)1, ReadWriteMode, RCC::RCCAPB1ENRBase>, RCC::RCCAPB1ENRBase, (unsigned int)1>::Set<ReadWriteMode, void>()
                        0x080001b9  0x18  Code  Gb  main.o [1]
void FieldValueBase<RCC_AHB1ENR_DMA2EN_Values<RCC::APB1ENR, (unsigned int)17, (unsigned int)1, ReadWriteMode, RCC::RCCAPB1ENRBase>, RCC::RCCAPB1ENRBase, (unsigned int)1>::Set<ReadWriteMode, void>()
                        0x08000245  0x18  Code  Gb  main.o [1]
void FieldValueBase<RCC_CFGR_SW_Values<RCC::CFGR, (unsigned int)0, (unsigned int)2, ReadWriteMode, RCC::RCCCFGRBase>, RCC::RCCCFGRBase, (unsigned int)1>::Set<ReadWriteMode, void>()
                        0x08000185  0x18  Code  Gb  main.o [1]
void FieldValueBase<RCC_CR_HSEON_Values<RCC::CR, (unsigned int)16, (unsigned int)1, ReadWriteMode, RCC::RCCCRBase>, RCC::RCCCRBase, (unsigned int)1>::Set<ReadWriteMode, void>()
                        0x0800015d  0x18  Code  Gb  main.o [1]
void FieldValueBase<TIM2_CR1_CEN_Values<TIM2::CR1, (unsigned int)0, (unsigned int)1, ReadWriteMode, TIM2::TIM2CR1Base>, TIM2::TIM2CR1Base, (unsigned int)1>::Set<ReadWriteMode, void>()
                        0x080001ff  0x16  Code  Gb  main.o [1]
void FieldValueBase<TIM2_CR1_URS_Values<TIM2::CR1, (unsigned int)2, (unsigned int)1, ReadWriteMode, TIM2::TIM2CR1Base>, TIM2::TIM2CR1Base, (unsigned int)1>::Set<ReadWriteMode, void>()
                        0x080001e9  0x16  Code  Gb  main.o [1]
void FieldValueBase<TIM2_SR_UIF_Values<TIM2::SR, (unsigned int)0, (unsigned int)1, ReadWriteMode, TIM2::TIM2SRBase>, TIM2::TIM2SRBase, (unsigned int)0>::Set<ReadWriteMode, void>()
                        0x0800036d  0x14  Code  Gb  startup.o [1]
void FieldValueBase<USART2_CR1_TE_Values<USART2::CR1, (unsigned int)3, (unsigned int)1, ReadWriteMode, USART2::USART2CR1Base>, USART2::USART2CR1Base, (unsigned int)1>::Set<ReadWriteMode, void>()
                        0x08000339  0x18  Code  Gb  main.o [1]
void FieldValueBase<USART2_CR1_UE_Values<USART2::CR1, (unsigned int)13, (unsigned int)1, ReadWriteMode, USART2::USART2CR1Base>, USART2::USART2CR1Base, (unsigned int)1>::Set<ReadWriteMode, void>()
                        0x08000321  0x18  Code  Gb  main.o [1]
void RegisterBase<(unsigned int)1073741864, (unsigned int)32, ReadWriteMode>::Write<ReadWriteMode, void>(unsigned int)
                        0x080001d1   0xc  Code  Gb  main.o [1]
void RegisterBase<(unsigned int)1073741868, (unsigned int)32, ReadWriteMode>::Write<ReadWriteMode, void>(unsigned int)
                        0x080001dd   0xc  Code  Gb  main.o [1]
void RegisterBase<(unsigned int)1073759236, (unsigned int)32, ReadWriteMode>::Write<ReadWriteMode, void>(unsigned int)
                        0x08000351   0xc  Code  Gb  main.o [1]
void RegisterBase<(unsigned int)1073759240, (unsigned int)32, ReadWriteMode>::Write<ReadWriteMode, void>(unsigned int)
                        0x08000315   0xc  Code  Gb  main.o [1]
void RegisterBase<(unsigned int)1073874964, (unsigned int)32, ReadWriteMode>::Toggle<ReadWriteMode, void>(unsigned int)
                        0x08000401  0x10  Code  Gb  startup.o [1]


[1] = C:\Users\Студент-06\Documents\Lab5Empty\Debug\Obj
[2] = command line
[3] = dl7M_tln.a
[4] = m7M_tls.a
[5] = rt7M_tl.a
[6] = shb_l.a

    867 bytes of readonly  code memory
    201 bytes of readonly  data memory
  8 192 bytes of readwrite data memory

Errors: none
Warnings: none
